
== ./

== ken/

== chan/

== interface/

== syntax/

== dwarf/

== safe/

== fixedbugs/

=========== fixedbugs/bug429.go
fatal error: all goroutines are asleep - deadlock!

== bugs/

=========== bugs/bug395.go
bug395 is broken
